src/modules/affiliates/drizzle.service.ts(42,29): error TS2368: Type parameter name cannot be 'any'.
src/modules/affiliates/schema.ts(22,23): error TS2304: Cannot find name 'merchants'.
src/modules/affiliates/schema.ts(43,17): error TS2304: Cannot find name 'merchants'.
src/modules/affiliates/schema.ts(45,18): error TS2304: Cannot find name 'merchants'.
src/modules/ai/ai-customer-segmentation.service.ts(4,3): error TS2305: Module '"@paysurity/database"' has no exported member 'segmentationRunStatusEnum'.
src/modules/auth/drizzle.service.ts(7,29): error TS2368: Type parameter name cannot be 'any'.
src/modules/checkout/orders.service.ts(43,11): error TS2488: Type 'any[] | QueryResult<never>' must have a '[Symbol.iterator]()' method that returns an iterator.
src/modules/employees/dto/employee-schedule.dto.ts(2,29): error TS2307: Cannot find module '@nestjs/mapped-types' or its corresponding type declarations.
src/modules/event-bus/event-consumers.ts(24,37): error TS2749: 'OpsService' refers to a value, but is being used as a type here. Did you mean 'typeof OpsService'?
src/modules/event-bus/event-consumers.ts(97,37): error TS2749: 'OpsService' refers to a value, but is being used as a type here. Did you mean 'typeof OpsService'?
src/modules/gift-cards/gift-cards.service.ts(52,39): error TS2339: Property 'expiryDate' does not exist on type 'CreateGiftCardDto'.
src/modules/gift-cards/gift-cards.service.ts(52,51): error TS2339: Property 'code' does not exist on type 'CreateGiftCardDto'.
src/modules/gift-cards/gift-cards.service.ts(52,71): error TS2339: Property 'issuedByUserId' does not exist on type 'CreateGiftCardDto'.
src/modules/gift-cards/gift-cards.service.ts(52,87): error TS2339: Property 'issuedToCustomerAccountId' does not exist on type 'CreateGiftCardDto'.
src/modules/gift-cards/gift-cards.service.ts(57,46): error TS2339: Property 'giftCards' does not exist on type '{ readonly schema: RelationalQueryBuilder<ExtractTablesWithRelations<typeof import("@paysurity/database")>, { tsName: "schema"; dbName: any; columns: any; relations: Record<string, Relation<string>>; primaryKey: AnyColumn[]; }>; ... 16 more ...; readonly wallet_transactions: RelationalQueryBuilder<...>; }'.
src/modules/gift-cards/gift-cards.service.ts(58,28): error TS2339: Property 'giftCards' does not exist on type 'typeof import("@paysurity/database")'.
src/modules/gift-cards/gift-cards.service.ts(58,69): error TS2339: Property 'giftCards' does not exist on type 'typeof import("@paysurity/database")'.
src/modules/gift-cards/gift-cards.service.ts(65,51): error TS2339: Property 'giftCards' does not exist on type 'typeof import("@paysurity/database")'.
src/modules/gift-cards/gift-cards.service.ts(84,32): error TS2339: Property 'log' does not exist on type 'AuditLogService'.
src/modules/gift-cards/gift-cards.service.ts(101,43): error TS2339: Property 'giftCards' does not exist on type '{ readonly schema: RelationalQueryBuilder<ExtractTablesWithRelations<typeof import("@paysurity/database")>, { tsName: "schema"; dbName: any; columns: any; relations: Record<string, Relation<string>>; primaryKey: AnyColumn[]; }>; ... 16 more ...; readonly wallet_transactions: RelationalQueryBuilder<...>; }'.
src/modules/gift-cards/gift-cards.service.ts(102,24): error TS2339: Property 'giftCards' does not exist on type 'typeof import("@paysurity/database")'.
src/modules/gift-cards/gift-cards.service.ts(115,42): error TS2339: Property 'giftCards' does not exist on type '{ readonly schema: RelationalQueryBuilder<ExtractTablesWithRelations<typeof import("@paysurity/database")>, { tsName: "schema"; dbName: any; columns: any; relations: Record<string, Relation<string>>; primaryKey: AnyColumn[]; }>; ... 16 more ...; readonly wallet_transactions: RelationalQueryBuilder<...>; }'.
src/modules/gift-cards/gift-cards.service.ts(116,28): error TS2339: Property 'giftCards' does not exist on type 'typeof import("@paysurity/database")'.
src/modules/gift-cards/gift-cards.service.ts(116,69): error TS2339: Property 'giftCards' does not exist on type 'typeof import("@paysurity/database")'.
src/modules/gift-cards/gift-cards.service.ts(133,42): error TS2339: Property 'giftCards' does not exist on type '{ readonly schema: RelationalQueryBuilder<ExtractTablesWithRelations<typeof import("@paysurity/database")>, { tsName: "schema"; dbName: any; columns: any; relations: Record<string, Relation<string>>; primaryKey: AnyColumn[]; }>; ... 16 more ...; readonly wallet_transactions: RelationalQueryBuilder<...>; }'.
src/modules/gift-cards/gift-cards.service.ts(134,28): error TS2339: Property 'giftCards' does not exist on type 'typeof import("@paysurity/database")'.
src/modules/gift-cards/gift-cards.service.ts(134,69): error TS2339: Property 'giftCards' does not exist on type 'typeof import("@paysurity/database")'.
src/modules/gift-cards/gift-cards.service.ts(152,46): error TS2339: Property 'giftCards' does not exist on type '{ readonly schema: RelationalQueryBuilder<ExtractTablesWithRelations<typeof import("@paysurity/database")>, { tsName: "schema"; dbName: any; columns: any; relations: Record<string, Relation<string>>; primaryKey: AnyColumn[]; }>; ... 16 more ...; readonly wallet_transactions: RelationalQueryBuilder<...>; }'.
src/modules/gift-cards/gift-cards.service.ts(153,28): error TS2339: Property 'giftCards' does not exist on type 'typeof import("@paysurity/database")'.
src/modules/gift-cards/gift-cards.service.ts(153,69): error TS2339: Property 'giftCards' does not exist on type 'typeof import("@paysurity/database")'.
src/modules/gift-cards/gift-cards.service.ts(160,45): error TS2339: Property 'giftCards' does not exist on type 'typeof import("@paysurity/database")'.
src/modules/gift-cards/gift-cards.service.ts(164,27): error TS2339: Property 'expiryDate' does not exist on type 'UpdateGiftCardDto'.
src/modules/gift-cards/gift-cards.service.ts(165,49): error TS2339: Property 'expiryDate' does not exist on type 'UpdateGiftCardDto'.
src/modules/gift-cards/gift-cards.service.ts(165,89): error TS2339: Property 'expiryDate' does not exist on type 'UpdateGiftCardDto'.
src/modules/gift-cards/gift-cards.service.ts(170,27): error TS2339: Property 'currency' does not exist on type 'UpdateGiftCardDto'.
src/modules/gift-cards/gift-cards.service.ts(171,47): error TS2339: Property 'currency' does not exist on type 'UpdateGiftCardDto'.
src/modules/gift-cards/gift-cards.service.ts(173,27): error TS2339: Property 'issuedByUserId' does not exist on type 'UpdateGiftCardDto'.
src/modules/gift-cards/gift-cards.service.ts(174,55): error TS2339: Property 'issuedByUserId' does not exist on type 'UpdateGiftCardDto'.
src/modules/gift-cards/gift-cards.service.ts(176,27): error TS2339: Property 'issuedToCustomerAccountId' does not exist on type 'UpdateGiftCardDto'.
src/modules/gift-cards/gift-cards.service.ts(177,66): error TS2339: Property 'issuedToCustomerAccountId' does not exist on type 'UpdateGiftCardDto'.
src/modules/gift-cards/gift-cards.service.ts(180,55): error TS2339: Property 'giftCards' does not exist on type 'typeof import("@paysurity/database")'.
src/modules/gift-cards/gift-cards.service.ts(182,28): error TS2339: Property 'giftCards' does not exist on type 'typeof import("@paysurity/database")'.
src/modules/gift-cards/gift-cards.service.ts(182,69): error TS2339: Property 'giftCards' does not exist on type 'typeof import("@paysurity/database")'.
src/modules/gift-cards/gift-cards.service.ts(189,32): error TS2339: Property 'log' does not exist on type 'AuditLogService'.
src/modules/gift-cards/gift-cards.service.ts(209,46): error TS2339: Property 'giftCards' does not exist on type '{ readonly schema: RelationalQueryBuilder<ExtractTablesWithRelations<typeof import("@paysurity/database")>, { tsName: "schema"; dbName: any; columns: any; relations: Record<string, Relation<string>>; primaryKey: AnyColumn[]; }>; ... 16 more ...; readonly wallet_transactions: RelationalQueryBuilder<...>; }'.
src/modules/gift-cards/gift-cards.service.ts(210,28): error TS2339: Property 'giftCards' does not exist on type 'typeof import("@paysurity/database")'.
src/modules/gift-cards/gift-cards.service.ts(210,69): error TS2339: Property 'giftCards' does not exist on type 'typeof import("@paysurity/database")'.
src/modules/gift-cards/gift-cards.service.ts(225,55): error TS2339: Property 'giftCards' does not exist on type 'typeof import("@paysurity/database")'.
src/modules/gift-cards/gift-cards.service.ts(231,28): error TS2339: Property 'giftCards' does not exist on type 'typeof import("@paysurity/database")'.
src/modules/gift-cards/gift-cards.service.ts(231,69): error TS2339: Property 'giftCards' does not exist on type 'typeof import("@paysurity/database")'.
src/modules/gift-cards/gift-cards.service.ts(238,32): error TS2339: Property 'log' does not exist on type 'AuditLogService'.
src/modules/gift-cards/gift-cards.service.ts(258,46): error TS2339: Property 'giftCards' does not exist on type '{ readonly schema: RelationalQueryBuilder<ExtractTablesWithRelations<typeof import("@paysurity/database")>, { tsName: "schema"; dbName: any; columns: any; relations: Record<string, Relation<string>>; primaryKey: AnyColumn[]; }>; ... 16 more ...; readonly wallet_transactions: RelationalQueryBuilder<...>; }'.
src/modules/gift-cards/gift-cards.service.ts(259,28): error TS2339: Property 'giftCards' does not exist on type 'typeof import("@paysurity/database")'.
src/modules/gift-cards/gift-cards.service.ts(259,69): error TS2339: Property 'giftCards' does not exist on type 'typeof import("@paysurity/database")'.
src/modules/gift-cards/gift-cards.service.ts(270,55): error TS2339: Property 'giftCards' does not exist on type 'typeof import("@paysurity/database")'.
src/modules/gift-cards/gift-cards.service.ts(275,28): error TS2339: Property 'giftCards' does not exist on type 'typeof import("@paysurity/database")'.
src/modules/gift-cards/gift-cards.service.ts(275,69): error TS2339: Property 'giftCards' does not exist on type 'typeof import("@paysurity/database")'.
src/modules/gift-cards/gift-cards.service.ts(282,32): error TS2339: Property 'log' does not exist on type 'AuditLogService'.
src/modules/gift-cards/gift-cards.service.ts(306,43): error TS2339: Property 'giftCards' does not exist on type '{ readonly schema: RelationalQueryBuilder<ExtractTablesWithRelations<typeof import("@paysurity/database")>, { tsName: "schema"; dbName: any; columns: any; relations: Record<string, Relation<string>>; primaryKey: AnyColumn[]; }>; ... 16 more ...; readonly wallet_transactions: RelationalQueryBuilder<...>; }'.
src/modules/gift-cards/gift-cards.service.ts(307,30): error TS2339: Property 'giftCards' does not exist on type 'typeof import("@paysurity/database")'.
src/modules/gift-cards/gift-cards.service.ts(307,71): error TS2339: Property 'giftCards' does not exist on type 'typeof import("@paysurity/database")'.
src/modules/gift-cards/gift-cards.service.ts(322,34): error TS2339: Property 'giftCards' does not exist on type 'typeof import("@paysurity/database")'.
src/modules/gift-cards/gift-cards.service.ts(322,111): error TS2339: Property 'giftCards' does not exist on type 'typeof import("@paysurity/database")'.
src/modules/gift-cards/gift-cards.service.ts(335,52): error TS2339: Property 'giftCards' does not exist on type 'typeof import("@paysurity/database")'.
src/modules/gift-cards/gift-cards.service.ts(341,30): error TS2339: Property 'giftCards' does not exist on type 'typeof import("@paysurity/database")'.
src/modules/gift-cards/gift-cards.service.ts(341,71): error TS2339: Property 'giftCards' does not exist on type 'typeof import("@paysurity/database")'.
src/modules/gift-cards/gift-cards.service.ts(348,34): error TS2339: Property 'log' does not exist on type 'AuditLogService'.
src/modules/gift-cards/gift-cards.service.ts(374,43): error TS2339: Property 'giftCards' does not exist on type '{ readonly schema: RelationalQueryBuilder<ExtractTablesWithRelations<typeof import("@paysurity/database")>, { tsName: "schema"; dbName: any; columns: any; relations: Record<string, Relation<string>>; primaryKey: AnyColumn[]; }>; ... 16 more ...; readonly wallet_transactions: RelationalQueryBuilder<...>; }'.
src/modules/gift-cards/gift-cards.service.ts(375,30): error TS2339: Property 'giftCards' does not exist on type 'typeof import("@paysurity/database")'.
src/modules/gift-cards/gift-cards.service.ts(375,71): error TS2339: Property 'giftCards' does not exist on type 'typeof import("@paysurity/database")'.
src/modules/gift-cards/gift-cards.service.ts(390,52): error TS2339: Property 'giftCards' does not exist on type 'typeof import("@paysurity/database")'.
src/modules/gift-cards/gift-cards.service.ts(396,30): error TS2339: Property 'giftCards' does not exist on type 'typeof import("@paysurity/database")'.
src/modules/gift-cards/gift-cards.service.ts(396,71): error TS2339: Property 'giftCards' does not exist on type 'typeof import("@paysurity/database")'.
src/modules/gift-cards/gift-cards.service.ts(403,34): error TS2339: Property 'log' does not exist on type 'AuditLogService'.
src/modules/gift-cards/gift-cards.service.ts(428,46): error TS2339: Property 'giftCards' does not exist on type '{ readonly schema: RelationalQueryBuilder<ExtractTablesWithRelations<typeof import("@paysurity/database")>, { tsName: "schema"; dbName: any; columns: any; relations: Record<string, Relation<string>>; primaryKey: AnyColumn[]; }>; ... 16 more ...; readonly wallet_transactions: RelationalQueryBuilder<...>; }'.
src/modules/gift-cards/gift-cards.service.ts(429,30): error TS2339: Property 'giftCards' does not exist on type 'typeof import("@paysurity/database")'.
src/modules/gift-cards/gift-cards.service.ts(429,71): error TS2339: Property 'giftCards' does not exist on type 'typeof import("@paysurity/database")'.
src/modules/gift-cards/gift-cards.service.ts(443,48): error TS2339: Property 'giftCards' does not exist on type 'typeof import("@paysurity/database")'.
src/modules/gift-cards/gift-cards.service.ts(445,19): error TS2339: Property 'giftCards' does not exist on type 'typeof import("@paysurity/database")'.
src/modules/gift-cards/gift-cards.service.ts(446,19): error TS2339: Property 'giftCards' does not exist on type 'typeof import("@paysurity/database")'.
src/modules/gift-cards/gift-cards.service.ts(453,46): error TS2339: Property 'giftCards' does not exist on type '{ readonly schema: RelationalQueryBuilder<ExtractTablesWithRelations<typeof import("@paysurity/database")>, { tsName: "schema"; dbName: any; columns: any; relations: Record<string, Relation<string>>; primaryKey: AnyColumn[]; }>; ... 16 more ...; readonly wallet_transactions: RelationalQueryBuilder<...>; }'.
src/modules/gift-cards/gift-cards.service.ts(454,30): error TS2339: Property 'giftCards' does not exist on type 'typeof import("@paysurity/database")'.
src/modules/gift-cards/gift-cards.service.ts(454,71): error TS2339: Property 'giftCards' does not exist on type 'typeof import("@paysurity/database")'.
src/modules/gift-cards/gift-cards.service.ts(461,32): error TS2339: Property 'log' does not exist on type 'AuditLogService'.
src/modules/gift-cards/gift-cards.service.ts(475,52): error TS2339: Property 'giftCards' does not exist on type 'typeof import("@paysurity/database")'.
src/modules/gift-cards/gift-cards.service.ts(478,7): error TS2353: Object literal may only specify known properties, and 'tenantId' does not exist in type 'GiftCardResponseDto'.
src/modules/grocery/offline/cache.service.ts(1,39): error TS2307: Cannot find module './tpm.utils' or its corresponding type declarations.
src/modules/inventory/inventory.controller.ts(226,11): error TS2322: Type '{ barcode?: string; name?: string; description?: string; stockLevel?: number; reorderPoint?: number; supplierId?: string; cost?: number; price?: any; category?: string; locationBin?: string; }' is not assignable to type 'Partial<{ name: string; tenantId: string; price: string; barcode: string; supplierId: string; cost: string; id?: string; description?: string; createdAt?: Date; updatedAt?: Date; category?: string; stockLevel?: number; reorderPoint?: number; locationBin?: string; }>'.
  Types of property 'cost' are incompatible.
    Type 'number' is not assignable to type 'string'.
src/modules/merchant/merchants.service.ts(143,54): error TS2339: Property 'length' does not exist on type 'unknown'.
src/modules/orders/orders.dto.ts(18,10): error TS2724: '"@paysurity/database"' has no exported member named 'Order'. Did you mean 'orders'?
src/modules/products/products.service.ts(73,47): error TS2339: Property 'pageSize' does not exist on type 'PaginationDto'.
src/modules/receipts/receipts.module.ts(15,17): error TS2304: Cannot find name 'ReceiptsController'.
src/modules/returns/returns.dto.ts(15,29): error TS2307: Cannot find module '@nestjs/mapped-types' or its corresponding type declarations.
src/modules/returns/returns.service.ts(88,23): error TS2339: Property 'transactionId' does not exist on type 'ReturnQueryDto'.
src/modules/settlement/settlement.dto.ts(15,29): error TS2307: Cannot find module '@nestjs/mapped-types' or its corresponding type declarations.
src/modules/tables/dto/table.dto.ts(13,29): error TS2307: Cannot find module '@nestjs/mapped-types' or its corresponding type declarations.
